// Jest Snapshot v1, https://goo.gl/fbAQLP

exports[`Icon should match snapshot 1`] = `
<DocumentFragment>
  <img
    alt="rotate-icon"
    src="images/icons/rotate.png"
  />
</DocumentFragment>
`;
