// Jest Snapshot v1, https://goo.gl/fbAQLP

exports[`Solo Config should match snapshot 1`] = `
{
  "canvasDimensionUnits": 1000,
  "didFireFrame": [Function],
  "opponentPaddle": {
    "color": "#378ac5",
    "rect": {
      "position": {
        "x": 0,
        "y": 0,
      },
      "size": {
        "height": 30,
        "width": 1000,
      },
    },
    "shape": "rectangle",
    "velocity": {
      "directionValue": {
        "x": 0,
        "y": 0,
      },
      "speed": 10,
    },
  },
  "playerPaddle": {
    "color": "#378ac5",
    "rect": {
      "position": {
        "x": 425,
        "y": 970,
      },
      "size": {
        "height": 30,
        "width": 150,
      },
    },
    "shape": "rectangle",
    "velocity": {
      "directionValue": {
        "x": 0,
        "y": 0,
      },
      "speed": 10,
    },
  },
  "pongBall": {
    "color": "#b4771f",
    "rect": {
      "position": {
        "x": 490,
        "y": 290,
      },
      "size": {
        "height": 20,
        "width": 20,
      },
    },
    "shape": "circle",
    "velocity": {
      "directionValue": {
        "x": -0.5,
        "y": -0.5,
      },
      "speed": 13,
    },
  },
}
`;
