// Jest Snapshot v1, https://goo.gl/fbAQLP

exports[`Nav Config should match snapshot 1`] = `[Function]`;
