// Jest Snapshot v1, https://goo.gl/fbAQLP

exports[`Soccer Field Config should match snapshot 1`] = `
[
  {
    "color": "#faf9f6",
    "rect": {
      "position": {
        "x": 0,
        "y": 499,
      },
      "size": {
        "height": 2,
        "width": 1000,
      },
    },
    "shape": "rectangle",
  },
  {
    "color": "#faf9f6",
    "rect": {
      "position": {
        "x": 350,
        "y": 350,
      },
      "size": {
        "height": 300,
        "width": 300,
      },
    },
    "shape": "circle-outline",
  },
]
`;
